Archive member included to satisfy reference by file (symbol)

/usr/local/Cellar/avr-gcc@9/9.4.0/lib/avr-gcc/9/gcc/avr/9.4.0/avr5/libgcc.a(_exit.o)
                              /usr/local/Cellar/avr-gcc@9/9.4.0/lib/avr-gcc/9/gcc/avr/9.4.0/../../../../../../avr/lib/avr5/crtatmega32.o (exit)
/usr/local/Cellar/avr-gcc@9/9.4.0/lib/avr-gcc/9/gcc/avr/9.4.0/avr5/libgcc.a(_copy_data.o)
                              ./APP/app.o (__do_copy_data)
/usr/local/Cellar/avr-gcc@9/9.4.0/lib/avr-gcc/9/gcc/avr/9.4.0/../../../../../../avr/lib/avr5/libm.a(cmpsf2.o)
                              ./HAL/LCD/lcd.o (__ltsf2)
/usr/local/Cellar/avr-gcc@9/9.4.0/lib/avr-gcc/9/gcc/avr/9.4.0/../../../../../../avr/lib/avr5/libm.a(divsf3.o)
                              ./HAL/LCD/lcd.o (__divsf3)
/usr/local/Cellar/avr-gcc@9/9.4.0/lib/avr-gcc/9/gcc/avr/9.4.0/../../../../../../avr/lib/avr5/libm.a(divsf3x.o)
                              /usr/local/Cellar/avr-gcc@9/9.4.0/lib/avr-gcc/9/gcc/avr/9.4.0/../../../../../../avr/lib/avr5/libm.a(divsf3.o) (__divsf3x)
/usr/local/Cellar/avr-gcc@9/9.4.0/lib/avr-gcc/9/gcc/avr/9.4.0/../../../../../../avr/lib/avr5/libm.a(fixunssfsi.o)
                              ./HAL/LCD/lcd.o (__fixunssfsi)
/usr/local/Cellar/avr-gcc@9/9.4.0/lib/avr-gcc/9/gcc/avr/9.4.0/../../../../../../avr/lib/avr5/libm.a(fp_cmp.o)
                              /usr/local/Cellar/avr-gcc@9/9.4.0/lib/avr-gcc/9/gcc/avr/9.4.0/../../../../../../avr/lib/avr5/libm.a(cmpsf2.o) (__fp_cmp)
/usr/local/Cellar/avr-gcc@9/9.4.0/lib/avr-gcc/9/gcc/avr/9.4.0/../../../../../../avr/lib/avr5/libm.a(fp_inf.o)
                              /usr/local/Cellar/avr-gcc@9/9.4.0/lib/avr-gcc/9/gcc/avr/9.4.0/../../../../../../avr/lib/avr5/libm.a(divsf3x.o) (__fp_inf)
/usr/local/Cellar/avr-gcc@9/9.4.0/lib/avr-gcc/9/gcc/avr/9.4.0/../../../../../../avr/lib/avr5/libm.a(fp_nan.o)
                              /usr/local/Cellar/avr-gcc@9/9.4.0/lib/avr-gcc/9/gcc/avr/9.4.0/../../../../../../avr/lib/avr5/libm.a(divsf3x.o) (__fp_nan)
/usr/local/Cellar/avr-gcc@9/9.4.0/lib/avr-gcc/9/gcc/avr/9.4.0/../../../../../../avr/lib/avr5/libm.a(fp_pscA.o)
                              /usr/local/Cellar/avr-gcc@9/9.4.0/lib/avr-gcc/9/gcc/avr/9.4.0/../../../../../../avr/lib/avr5/libm.a(divsf3x.o) (__fp_pscA)
/usr/local/Cellar/avr-gcc@9/9.4.0/lib/avr-gcc/9/gcc/avr/9.4.0/../../../../../../avr/lib/avr5/libm.a(fp_pscB.o)
                              /usr/local/Cellar/avr-gcc@9/9.4.0/lib/avr-gcc/9/gcc/avr/9.4.0/../../../../../../avr/lib/avr5/libm.a(divsf3x.o) (__fp_pscB)
/usr/local/Cellar/avr-gcc@9/9.4.0/lib/avr-gcc/9/gcc/avr/9.4.0/../../../../../../avr/lib/avr5/libm.a(fp_round.o)
                              /usr/local/Cellar/avr-gcc@9/9.4.0/lib/avr-gcc/9/gcc/avr/9.4.0/../../../../../../avr/lib/avr5/libm.a(divsf3.o) (__fp_round)
/usr/local/Cellar/avr-gcc@9/9.4.0/lib/avr-gcc/9/gcc/avr/9.4.0/../../../../../../avr/lib/avr5/libm.a(fp_split3.o)
                              /usr/local/Cellar/avr-gcc@9/9.4.0/lib/avr-gcc/9/gcc/avr/9.4.0/../../../../../../avr/lib/avr5/libm.a(divsf3x.o) (__fp_split3)
/usr/local/Cellar/avr-gcc@9/9.4.0/lib/avr-gcc/9/gcc/avr/9.4.0/../../../../../../avr/lib/avr5/libm.a(fp_zero.o)
                              /usr/local/Cellar/avr-gcc@9/9.4.0/lib/avr-gcc/9/gcc/avr/9.4.0/../../../../../../avr/lib/avr5/libm.a(fixunssfsi.o) (__fp_zero)
/usr/local/Cellar/avr-gcc@9/9.4.0/lib/avr-gcc/9/gcc/avr/9.4.0/../../../../../../avr/lib/avr5/libm.a(gesf2.o)
                              ./HAL/LCD/lcd.o (__gtsf2)
/usr/local/Cellar/avr-gcc@9/9.4.0/lib/avr-gcc/9/gcc/avr/9.4.0/../../../../../../avr/lib/avr5/libm.a(mulsf3.o)
                              ./HAL/LCD/lcd.o (__mulsf3)
/usr/local/Cellar/avr-gcc@9/9.4.0/lib/avr-gcc/9/gcc/avr/9.4.0/../../../../../../avr/lib/avr5/libm.a(mulsf3x.o)
                              /usr/local/Cellar/avr-gcc@9/9.4.0/lib/avr-gcc/9/gcc/avr/9.4.0/../../../../../../avr/lib/avr5/libm.a(mulsf3.o) (__mulsf3x)
/usr/local/Cellar/avr-gcc@9/9.4.0/lib/avr-gcc/9/gcc/avr/9.4.0/../../../../../../avr/lib/avr5/libc.a(itoa.o)
                              ./HAL/LCD/lcd.o (itoa)
/usr/local/Cellar/avr-gcc@9/9.4.0/lib/avr-gcc/9/gcc/avr/9.4.0/../../../../../../avr/lib/avr5/libc.a(itoa_ncheck.o)
                              /usr/local/Cellar/avr-gcc@9/9.4.0/lib/avr-gcc/9/gcc/avr/9.4.0/../../../../../../avr/lib/avr5/libc.a(itoa.o) (__itoa_ncheck)
/usr/local/Cellar/avr-gcc@9/9.4.0/lib/avr-gcc/9/gcc/avr/9.4.0/../../../../../../avr/lib/avr5/libc.a(utoa_ncheck.o)
                              /usr/local/Cellar/avr-gcc@9/9.4.0/lib/avr-gcc/9/gcc/avr/9.4.0/../../../../../../avr/lib/avr5/libc.a(itoa_ncheck.o) (__utoa_common)
/usr/local/Cellar/avr-gcc@9/9.4.0/lib/avr-gcc/9/gcc/avr/9.4.0/../../../../../../avr/lib/avr5/libc.a(strrev.o)
                              /usr/local/Cellar/avr-gcc@9/9.4.0/lib/avr-gcc/9/gcc/avr/9.4.0/../../../../../../avr/lib/avr5/libc.a(utoa_ncheck.o) (strrev)

Memory Configuration

Name             Origin             Length             Attributes
text             0x00000000         0x00020000         xr
data             0x00800060         0x0000ffa0         rw!x
eeprom           0x00810000         0x00010000         rw!x
fuse             0x00820000         0x00000002         rw!x
lock             0x00830000         0x00000400         rw!x
signature        0x00840000         0x00000400         rw!x
user_signatures  0x00850000         0x00000400         rw!x
*default*        0x00000000         0xffffffff

Linker script and memory map

LOAD /usr/local/Cellar/avr-gcc@9/9.4.0/lib/avr-gcc/9/gcc/avr/9.4.0/../../../../../../avr/lib/avr5/crtatmega32.o
LOAD ./MCAl/Gpio/gpio.o
LOAD ./HAL/Led/green_led.o
LOAD ./HAL/Led/red_led.o
LOAD ./HAL/LCD/lcd.o
LOAD ./HAL/Keybad/keypad.o
LOAD ./APP/app.o
LOAD ./main.o
START GROUP
LOAD /usr/local/Cellar/avr-gcc@9/9.4.0/lib/avr-gcc/9/gcc/avr/9.4.0/avr5/libgcc.a
LOAD /usr/local/Cellar/avr-gcc@9/9.4.0/lib/avr-gcc/9/gcc/avr/9.4.0/../../../../../../avr/lib/avr5/libm.a
LOAD /usr/local/Cellar/avr-gcc@9/9.4.0/lib/avr-gcc/9/gcc/avr/9.4.0/../../../../../../avr/lib/avr5/libc.a
LOAD /usr/local/Cellar/avr-gcc@9/9.4.0/lib/avr-gcc/9/gcc/avr/9.4.0/../../../../../../avr/lib/avr5/libatmega32.a
END GROUP
                0x00020000                        __TEXT_REGION_LENGTH__ = DEFINED (__TEXT_REGION_LENGTH__)?__TEXT_REGION_LENGTH__:0x20000
                0x00800060                        __DATA_REGION_ORIGIN__ = DEFINED (__DATA_REGION_ORIGIN__)?__DATA_REGION_ORIGIN__:0x800060
                0x0000ffa0                        __DATA_REGION_LENGTH__ = DEFINED (__DATA_REGION_LENGTH__)?__DATA_REGION_LENGTH__:0xffa0
                0x00010000                        __EEPROM_REGION_LENGTH__ = DEFINED (__EEPROM_REGION_LENGTH__)?__EEPROM_REGION_LENGTH__:0x10000
                [0x00000002]                      __FUSE_REGION_LENGTH__ = DEFINED (__FUSE_REGION_LENGTH__)?__FUSE_REGION_LENGTH__:0x400
                0x00000400                        __LOCK_REGION_LENGTH__ = DEFINED (__LOCK_REGION_LENGTH__)?__LOCK_REGION_LENGTH__:0x400
                0x00000400                        __SIGNATURE_REGION_LENGTH__ = DEFINED (__SIGNATURE_REGION_LENGTH__)?__SIGNATURE_REGION_LENGTH__:0x400
                0x00000400                        __USER_SIGNATURE_REGION_LENGTH__ = DEFINED (__USER_SIGNATURE_REGION_LENGTH__)?__USER_SIGNATURE_REGION_LENGTH__:0x400

.hash
 *(.hash)

.dynsym
 *(.dynsym)

.dynstr
 *(.dynstr)

.gnu.version
 *(.gnu.version)

.gnu.version_d
 *(.gnu.version_d)

.gnu.version_r
 *(.gnu.version_r)

.rel.init
 *(.rel.init)

.rela.init
 *(.rela.init)

.rel.text
 *(.rel.text)
 *(.rel.text.*)
 *(.rel.gnu.linkonce.t*)

.rela.text
 *(.rela.text)
 *(.rela.text.*)
 *(.rela.gnu.linkonce.t*)

.rel.fini
 *(.rel.fini)

.rela.fini
 *(.rela.fini)

.rel.rodata
 *(.rel.rodata)
 *(.rel.rodata.*)
 *(.rel.gnu.linkonce.r*)

.rela.rodata
 *(.rela.rodata)
 *(.rela.rodata.*)
 *(.rela.gnu.linkonce.r*)

.rel.data
 *(.rel.data)
 *(.rel.data.*)
 *(.rel.gnu.linkonce.d*)

.rela.data
 *(.rela.data)
 *(.rela.data.*)
 *(.rela.gnu.linkonce.d*)

.rel.ctors
 *(.rel.ctors)

.rela.ctors
 *(.rela.ctors)

.rel.dtors
 *(.rel.dtors)

.rela.dtors
 *(.rela.dtors)

.rel.got
 *(.rel.got)

.rela.got
 *(.rela.got)

.rel.bss
 *(.rel.bss)

.rela.bss
 *(.rela.bss)

.rel.plt
 *(.rel.plt)

.rela.plt
 *(.rela.plt)

.text           0x00000000     0x4f12
 *(.vectors)
 .vectors       0x00000000       0x54 /usr/local/Cellar/avr-gcc@9/9.4.0/lib/avr-gcc/9/gcc/avr/9.4.0/../../../../../../avr/lib/avr5/crtatmega32.o
                0x00000000                __vectors
                0x00000000                __vector_default
 *(.vectors)
 *(.progmem.gcc*)
                0x00000054                        . = ALIGN (0x2)
                0x00000054                        __trampolines_start = .
 *(.trampolines)
 .trampolines   0x00000054        0x0 linker stubs
 *(.trampolines*)
                0x00000054                        __trampolines_end = .
 *libprintf_flt.a:*(.progmem.data)
 *libc.a:*(.progmem.data)
 *(.progmem.*)
                0x00000054                        . = ALIGN (0x2)
 *(.lowtext)
 *(.lowtext*)
                0x00000054                        __ctors_start = .
 *(.ctors)
                0x00000054                        __ctors_end = .
                0x00000054                        __dtors_start = .
 *(.dtors)
                0x00000054                        __dtors_end = .
 SORT_BY_NAME(*)(.ctors)
 SORT_BY_NAME(*)(.dtors)
 *(.init0)
 .init0         0x00000054        0x0 /usr/local/Cellar/avr-gcc@9/9.4.0/lib/avr-gcc/9/gcc/avr/9.4.0/../../../../../../avr/lib/avr5/crtatmega32.o
                0x00000054                __init
 *(.init0)
 *(.init1)
 *(.init1)
 *(.init2)
 .init2         0x00000054        0xc /usr/local/Cellar/avr-gcc@9/9.4.0/lib/avr-gcc/9/gcc/avr/9.4.0/../../../../../../avr/lib/avr5/crtatmega32.o
 *(.init2)
 *(.init3)
 *(.init3)
 *(.init4)
 .init4         0x00000060       0x16 /usr/local/Cellar/avr-gcc@9/9.4.0/lib/avr-gcc/9/gcc/avr/9.4.0/avr5/libgcc.a(_copy_data.o)
                0x00000060                __do_copy_data
 *(.init4)
 *(.init5)
 *(.init5)
 *(.init6)
 *(.init6)
 *(.init7)
 *(.init7)
 *(.init8)
 *(.init8)
 *(.init9)
 .init9         0x00000076        0x8 /usr/local/Cellar/avr-gcc@9/9.4.0/lib/avr-gcc/9/gcc/avr/9.4.0/../../../../../../avr/lib/avr5/crtatmega32.o
 *(.init9)
 *(.text)
 .text          0x0000007e        0x4 /usr/local/Cellar/avr-gcc@9/9.4.0/lib/avr-gcc/9/gcc/avr/9.4.0/../../../../../../avr/lib/avr5/crtatmega32.o
                0x0000007e                __vector_20
                0x0000007e                __vector_12
                0x0000007e                __bad_interrupt
                0x0000007e                __vector_6
                0x0000007e                __vector_3
                0x0000007e                __vector_11
                0x0000007e                __vector_13
                0x0000007e                __vector_17
                0x0000007e                __vector_19
                0x0000007e                __vector_7
                0x0000007e                __vector_5
                0x0000007e                __vector_4
                0x0000007e                __vector_9
                0x0000007e                __vector_2
                0x0000007e                __vector_15
                0x0000007e                __vector_8
                0x0000007e                __vector_14
                0x0000007e                __vector_10
                0x0000007e                __vector_16
                0x0000007e                __vector_18
                0x0000007e                __vector_1
 .text          0x00000082        0x0 ./MCAl/Gpio/gpio.o
 .text          0x00000082        0x0 ./HAL/Led/green_led.o
 .text          0x00000082        0x0 ./HAL/Led/red_led.o
 .text          0x00000082        0x0 ./HAL/LCD/lcd.o
 .text          0x00000082        0x0 ./HAL/Keybad/keypad.o
 .text          0x00000082        0x0 ./APP/app.o
 .text          0x00000082        0x0 ./main.o
 .text          0x00000082        0x0 /usr/local/Cellar/avr-gcc@9/9.4.0/lib/avr-gcc/9/gcc/avr/9.4.0/avr5/libgcc.a(_exit.o)
 .text          0x00000082        0x0 /usr/local/Cellar/avr-gcc@9/9.4.0/lib/avr-gcc/9/gcc/avr/9.4.0/avr5/libgcc.a(_copy_data.o)
 .text          0x00000082        0x0 /usr/local/Cellar/avr-gcc@9/9.4.0/lib/avr-gcc/9/gcc/avr/9.4.0/../../../../../../avr/lib/avr5/libm.a(cmpsf2.o)
 .text          0x00000082        0x0 /usr/local/Cellar/avr-gcc@9/9.4.0/lib/avr-gcc/9/gcc/avr/9.4.0/../../../../../../avr/lib/avr5/libm.a(divsf3.o)
 .text          0x00000082        0x0 /usr/local/Cellar/avr-gcc@9/9.4.0/lib/avr-gcc/9/gcc/avr/9.4.0/../../../../../../avr/lib/avr5/libm.a(divsf3x.o)
 .text          0x00000082        0x0 /usr/local/Cellar/avr-gcc@9/9.4.0/lib/avr-gcc/9/gcc/avr/9.4.0/../../../../../../avr/lib/avr5/libm.a(fixunssfsi.o)
 .text          0x00000082        0x0 /usr/local/Cellar/avr-gcc@9/9.4.0/lib/avr-gcc/9/gcc/avr/9.4.0/../../../../../../avr/lib/avr5/libm.a(fp_cmp.o)
 .text          0x00000082        0x0 /usr/local/Cellar/avr-gcc@9/9.4.0/lib/avr-gcc/9/gcc/avr/9.4.0/../../../../../../avr/lib/avr5/libm.a(fp_inf.o)
 .text          0x00000082        0x0 /usr/local/Cellar/avr-gcc@9/9.4.0/lib/avr-gcc/9/gcc/avr/9.4.0/../../../../../../avr/lib/avr5/libm.a(fp_nan.o)
 .text          0x00000082        0x0 /usr/local/Cellar/avr-gcc@9/9.4.0/lib/avr-gcc/9/gcc/avr/9.4.0/../../../../../../avr/lib/avr5/libm.a(fp_pscA.o)
 .text          0x00000082        0x0 /usr/local/Cellar/avr-gcc@9/9.4.0/lib/avr-gcc/9/gcc/avr/9.4.0/../../../../../../avr/lib/avr5/libm.a(fp_pscB.o)
 .text          0x00000082        0x0 /usr/local/Cellar/avr-gcc@9/9.4.0/lib/avr-gcc/9/gcc/avr/9.4.0/../../../../../../avr/lib/avr5/libm.a(fp_round.o)
 .text          0x00000082        0x0 /usr/local/Cellar/avr-gcc@9/9.4.0/lib/avr-gcc/9/gcc/avr/9.4.0/../../../../../../avr/lib/avr5/libm.a(fp_split3.o)
 .text          0x00000082        0x0 /usr/local/Cellar/avr-gcc@9/9.4.0/lib/avr-gcc/9/gcc/avr/9.4.0/../../../../../../avr/lib/avr5/libm.a(fp_zero.o)
 .text          0x00000082        0x0 /usr/local/Cellar/avr-gcc@9/9.4.0/lib/avr-gcc/9/gcc/avr/9.4.0/../../../../../../avr/lib/avr5/libm.a(gesf2.o)
 .text          0x00000082        0x0 /usr/local/Cellar/avr-gcc@9/9.4.0/lib/avr-gcc/9/gcc/avr/9.4.0/../../../../../../avr/lib/avr5/libm.a(mulsf3.o)
 .text          0x00000082        0x0 /usr/local/Cellar/avr-gcc@9/9.4.0/lib/avr-gcc/9/gcc/avr/9.4.0/../../../../../../avr/lib/avr5/libm.a(mulsf3x.o)
 .text          0x00000082        0x0 /usr/local/Cellar/avr-gcc@9/9.4.0/lib/avr-gcc/9/gcc/avr/9.4.0/../../../../../../avr/lib/avr5/libc.a(itoa.o)
 .text          0x00000082        0x0 /usr/local/Cellar/avr-gcc@9/9.4.0/lib/avr-gcc/9/gcc/avr/9.4.0/../../../../../../avr/lib/avr5/libc.a(itoa_ncheck.o)
 .text          0x00000082        0x0 /usr/local/Cellar/avr-gcc@9/9.4.0/lib/avr-gcc/9/gcc/avr/9.4.0/../../../../../../avr/lib/avr5/libc.a(utoa_ncheck.o)
 .text          0x00000082        0x0 /usr/local/Cellar/avr-gcc@9/9.4.0/lib/avr-gcc/9/gcc/avr/9.4.0/../../../../../../avr/lib/avr5/libc.a(strrev.o)
                0x00000082                        . = ALIGN (0x2)
 *(.text.*)
 .text.GPIO_setupPinDirection
                0x00000082      0x1de ./MCAl/Gpio/gpio.o
                0x00000082                GPIO_setupPinDirection
 .text.GPIO_setupPortDirection
                0x00000260       0x6c ./MCAl/Gpio/gpio.o
                0x00000260                GPIO_setupPortDirection
 .text.GPIO_writePin
                0x000002cc      0x1ec ./MCAl/Gpio/gpio.o
                0x000002cc                GPIO_writePin
 .text.GPIO_writePort
                0x000004b8       0x6c ./MCAl/Gpio/gpio.o
                0x000004b8                GPIO_writePort
 .text.GPIO_readPin
                0x00000524       0xbc ./MCAl/Gpio/gpio.o
                0x00000524                GPIO_readPin
 .text.GPIO_readPort
                0x000005e0       0x60 ./MCAl/Gpio/gpio.o
                0x000005e0                GPIO_readPort
 .text.GRN_LED_init
                0x00000640       0x24 ./HAL/Led/green_led.o
                0x00000640                GRN_LED_init
 .text.GRN_LED_on
                0x00000664       0x1a ./HAL/Led/green_led.o
                0x00000664                GRN_LED_on
 .text.GRN_LED_off
                0x0000067e       0x1a ./HAL/Led/green_led.o
                0x0000067e                GRN_LED_off
 .text.RED_LED_init
                0x00000698       0x24 ./HAL/Led/red_led.o
                0x00000698                RED_LED_init
 .text.RED_LED_on
                0x000006bc       0x1a ./HAL/Led/red_led.o
                0x000006bc                RED_LED_on
 .text.RED_LED_off
                0x000006d6       0x1a ./HAL/Led/red_led.o
                0x000006d6                RED_LED_off
 .text.LCD_init
                0x000006f0      0x2cc ./HAL/LCD/lcd.o
                0x000006f0                LCD_init
 .text.LCD_sendCommand
                0x000009bc     0x182e ./HAL/LCD/lcd.o
                0x000009bc                LCD_sendCommand
 .text.LCD_displayCharacter
                0x000021ea     0x13ca ./HAL/LCD/lcd.o
                0x000021ea                LCD_displayCharacter
 .text.LCD_displayString
                0x000035b4       0x56 ./HAL/LCD/lcd.o
                0x000035b4                LCD_displayString
 .text.LCD_integerToString
                0x0000360a       0x48 ./HAL/LCD/lcd.o
                0x0000360a                LCD_integerToString
 .text.LCD_moveCursor
                0x00003652       0x6c ./HAL/LCD/lcd.o
                0x00003652                LCD_moveCursor
 .text.LCD_displayStringRowColumn
                0x000036be       0x34 ./HAL/LCD/lcd.o
                0x000036be                LCD_displayStringRowColumn
 .text.LCD_clearScreen
                0x000036f2       0x16 ./HAL/LCD/lcd.o
                0x000036f2                LCD_clearScreen
 .text.KEYPAD_getPressedKey
                0x00003708       0xd0 ./HAL/Keybad/keypad.o
                0x00003708                KEYPAD_getPressedKey
 .text.APP_voidInit
                0x000037d8       0x1c ./APP/app.o
                0x000037d8                APP_voidInit
 .text.APP_WelcomeScreen
                0x000037f4      0x154 ./APP/app.o
                0x000037f4                APP_WelcomeScreen
 .text.APP_Selector
                0x00003948      0x43e ./APP/app.o
                0x00003948                APP_Selector
 .text.APP_CheckPassword
                0x00003d86      0x4c4 ./APP/app.o
                0x00003d86                APP_CheckPassword
 .text.APP_CheckChangePass
                0x0000424a      0x210 ./APP/app.o
                0x0000424a                APP_CheckChangePass
 .text.APP_ChangePassword
                0x0000445a      0x2d8 ./APP/app.o
                0x0000445a                APP_ChangePassword
 .text.APP_ThiefAlert
                0x00004732      0x15c ./APP/app.o
                0x00004732                APP_ThiefAlert
 .text.APP_TruePasswordScreen
                0x0000488e      0x160 ./APP/app.o
                0x0000488e                APP_TruePasswordScreen
 .text.APP_WrongPasswordScreen
                0x000049ee      0x174 ./APP/app.o
 .text.main     0x00004b62       0x12 ./main.o
                0x00004b62                main
 .text.libgcc.mul
                0x00004b74        0x0 /usr/local/Cellar/avr-gcc@9/9.4.0/lib/avr-gcc/9/gcc/avr/9.4.0/avr5/libgcc.a(_exit.o)
 .text.libgcc.div
                0x00004b74        0x0 /usr/local/Cellar/avr-gcc@9/9.4.0/lib/avr-gcc/9/gcc/avr/9.4.0/avr5/libgcc.a(_exit.o)
 .text.libgcc   0x00004b74        0x0 /usr/local/Cellar/avr-gcc@9/9.4.0/lib/avr-gcc/9/gcc/avr/9.4.0/avr5/libgcc.a(_exit.o)
 .text.libgcc.prologue
                0x00004b74        0x0 /usr/local/Cellar/avr-gcc@9/9.4.0/lib/avr-gcc/9/gcc/avr/9.4.0/avr5/libgcc.a(_exit.o)
 .text.libgcc.builtins
                0x00004b74        0x0 /usr/local/Cellar/avr-gcc@9/9.4.0/lib/avr-gcc/9/gcc/avr/9.4.0/avr5/libgcc.a(_exit.o)
 .text.libgcc.fmul
                0x00004b74        0x0 /usr/local/Cellar/avr-gcc@9/9.4.0/lib/avr-gcc/9/gcc/avr/9.4.0/avr5/libgcc.a(_exit.o)
 .text.libgcc.fixed
                0x00004b74        0x0 /usr/local/Cellar/avr-gcc@9/9.4.0/lib/avr-gcc/9/gcc/avr/9.4.0/avr5/libgcc.a(_exit.o)
 .text.libgcc.mul
                0x00004b74        0x0 /usr/local/Cellar/avr-gcc@9/9.4.0/lib/avr-gcc/9/gcc/avr/9.4.0/avr5/libgcc.a(_copy_data.o)
 .text.libgcc.div
                0x00004b74        0x0 /usr/local/Cellar/avr-gcc@9/9.4.0/lib/avr-gcc/9/gcc/avr/9.4.0/avr5/libgcc.a(_copy_data.o)
 .text.libgcc   0x00004b74        0x0 /usr/local/Cellar/avr-gcc@9/9.4.0/lib/avr-gcc/9/gcc/avr/9.4.0/avr5/libgcc.a(_copy_data.o)
 .text.libgcc.prologue
                0x00004b74        0x0 /usr/local/Cellar/avr-gcc@9/9.4.0/lib/avr-gcc/9/gcc/avr/9.4.0/avr5/libgcc.a(_copy_data.o)
 .text.libgcc.builtins
                0x00004b74        0x0 /usr/local/Cellar/avr-gcc@9/9.4.0/lib/avr-gcc/9/gcc/avr/9.4.0/avr5/libgcc.a(_copy_data.o)
 .text.libgcc.fmul
                0x00004b74        0x0 /usr/local/Cellar/avr-gcc@9/9.4.0/lib/avr-gcc/9/gcc/avr/9.4.0/avr5/libgcc.a(_copy_data.o)
 .text.libgcc.fixed
                0x00004b74        0x0 /usr/local/Cellar/avr-gcc@9/9.4.0/lib/avr-gcc/9/gcc/avr/9.4.0/avr5/libgcc.a(_copy_data.o)
 .text.avr-libc.fplib
                0x00004b74        0xa /usr/local/Cellar/avr-gcc@9/9.4.0/lib/avr-gcc/9/gcc/avr/9.4.0/../../../../../../avr/lib/avr5/libm.a(cmpsf2.o)
                0x00004b74                __lesf2
                0x00004b74                __nesf2
                0x00004b74                __eqsf2
                0x00004b74                __cmpsf2
                0x00004b74                __ltsf2
 .text.avr-libc.fplib
                0x00004b7e        0x8 /usr/local/Cellar/avr-gcc@9/9.4.0/lib/avr-gcc/9/gcc/avr/9.4.0/../../../../../../avr/lib/avr5/libm.a(divsf3.o)
                0x00004b7e                __divsf3
 .text.avr-libc.fplib
                0x00004b86       0xdc /usr/local/Cellar/avr-gcc@9/9.4.0/lib/avr-gcc/9/gcc/avr/9.4.0/../../../../../../avr/lib/avr5/libm.a(divsf3x.o)
                0x00004ba6                __divsf3x
                0x00004bac                __divsf3_pse
 .text.avr-libc.fplib
                0x00004c62       0x5e /usr/local/Cellar/avr-gcc@9/9.4.0/lib/avr-gcc/9/gcc/avr/9.4.0/../../../../../../avr/lib/avr5/libm.a(fixunssfsi.o)
                0x00004c62                __fixunssfsi
 .text.avr-libc.fplib
                0x00004cc0       0x48 /usr/local/Cellar/avr-gcc@9/9.4.0/lib/avr-gcc/9/gcc/avr/9.4.0/../../../../../../avr/lib/avr5/libm.a(fp_cmp.o)
                0x00004cc0                __fp_cmp
 .text.avr-libc.fplib
                0x00004d08        0xc /usr/local/Cellar/avr-gcc@9/9.4.0/lib/avr-gcc/9/gcc/avr/9.4.0/../../../../../../avr/lib/avr5/libm.a(fp_inf.o)
                0x00004d08                __fp_inf
 .text.avr-libc.fplib
                0x00004d14        0x6 /usr/local/Cellar/avr-gcc@9/9.4.0/lib/avr-gcc/9/gcc/avr/9.4.0/../../../../../../avr/lib/avr5/libm.a(fp_nan.o)
                0x00004d14                __fp_nan
 .text.avr-libc.fplib
                0x00004d1a        0xe /usr/local/Cellar/avr-gcc@9/9.4.0/lib/avr-gcc/9/gcc/avr/9.4.0/../../../../../../avr/lib/avr5/libm.a(fp_pscA.o)
                0x00004d1a                __fp_pscA
 .text.avr-libc.fplib
                0x00004d28        0xe /usr/local/Cellar/avr-gcc@9/9.4.0/lib/avr-gcc/9/gcc/avr/9.4.0/../../../../../../avr/lib/avr5/libm.a(fp_pscB.o)
                0x00004d28                __fp_pscB
 .text.avr-libc.fplib
                0x00004d36       0x22 /usr/local/Cellar/avr-gcc@9/9.4.0/lib/avr-gcc/9/gcc/avr/9.4.0/../../../../../../avr/lib/avr5/libm.a(fp_round.o)
                0x00004d36                __fp_round
 .text.avr-libc.fplib
                0x00004d58       0x44 /usr/local/Cellar/avr-gcc@9/9.4.0/lib/avr-gcc/9/gcc/avr/9.4.0/../../../../../../avr/lib/avr5/libm.a(fp_split3.o)
                0x00004d58                __fp_split3
                0x00004d68                __fp_splitA
 .text.avr-libc.fplib
                0x00004d9c        0xe /usr/local/Cellar/avr-gcc@9/9.4.0/lib/avr-gcc/9/gcc/avr/9.4.0/../../../../../../avr/lib/avr5/libm.a(fp_zero.o)
                0x00004d9c                __fp_zero
                0x00004d9e                __fp_szero
 .text.avr-libc.fplib
                0x00004daa        0xa /usr/local/Cellar/avr-gcc@9/9.4.0/lib/avr-gcc/9/gcc/avr/9.4.0/../../../../../../avr/lib/avr5/libm.a(gesf2.o)
                0x00004daa                __gtsf2
                0x00004daa                __gesf2
 .text.avr-libc.fplib
                0x00004db4        0x8 /usr/local/Cellar/avr-gcc@9/9.4.0/lib/avr-gcc/9/gcc/avr/9.4.0/../../../../../../avr/lib/avr5/libm.a(mulsf3.o)
                0x00004db4                __mulsf3
 .text.avr-libc.fplib
                0x00004dbc       0xd2 /usr/local/Cellar/avr-gcc@9/9.4.0/lib/avr-gcc/9/gcc/avr/9.4.0/../../../../../../avr/lib/avr5/libm.a(mulsf3x.o)
                0x00004dda                __mulsf3x
                0x00004de0                __mulsf3_pse
 .text.avr-libc
                0x00004e8e       0x16 /usr/local/Cellar/avr-gcc@9/9.4.0/lib/avr-gcc/9/gcc/avr/9.4.0/../../../../../../avr/lib/avr5/libc.a(itoa.o)
                0x00004e8e                itoa
                0x00004e8e                __itoa
 .text.avr-libc
                0x00004ea4       0x16 /usr/local/Cellar/avr-gcc@9/9.4.0/lib/avr-gcc/9/gcc/avr/9.4.0/../../../../../../avr/lib/avr5/libc.a(itoa_ncheck.o)
                0x00004ea4                __itoa_ncheck
 .text.avr-libc
                0x00004eba       0x34 /usr/local/Cellar/avr-gcc@9/9.4.0/lib/avr-gcc/9/gcc/avr/9.4.0/../../../../../../avr/lib/avr5/libc.a(utoa_ncheck.o)
                0x00004eba                __utoa_ncheck
                0x00004ebc                __utoa_common
 .text.avr-libc
                0x00004eee       0x20 /usr/local/Cellar/avr-gcc@9/9.4.0/lib/avr-gcc/9/gcc/avr/9.4.0/../../../../../../avr/lib/avr5/libc.a(strrev.o)
                0x00004eee                strrev
                0x00004f0e                        . = ALIGN (0x2)
 *(.fini9)
 .fini9         0x00004f0e        0x0 /usr/local/Cellar/avr-gcc@9/9.4.0/lib/avr-gcc/9/gcc/avr/9.4.0/avr5/libgcc.a(_exit.o)
                0x00004f0e                exit
                0x00004f0e                _exit
 *(.fini9)
 *(.fini8)
 *(.fini8)
 *(.fini7)
 *(.fini7)
 *(.fini6)
 *(.fini6)
 *(.fini5)
 *(.fini5)
 *(.fini4)
 *(.fini4)
 *(.fini3)
 *(.fini3)
 *(.fini2)
 *(.fini2)
 *(.fini1)
 *(.fini1)
 *(.fini0)
 .fini0         0x00004f0e        0x4 /usr/local/Cellar/avr-gcc@9/9.4.0/lib/avr-gcc/9/gcc/avr/9.4.0/avr5/libgcc.a(_exit.o)
 *(.fini0)
 *(.hightext)
 *(.hightext*)
 *(.progmemx.*)
                0x00004f12                        . = ALIGN (0x2)
 *(.jumptables)
 *(.jumptables*)
                0x00004f12                        _etext = .

.data           0x00800060       0xe4 load address 0x00004f12
                0x00800060                        PROVIDE (__data_start = .)
 *(.data)
 .data          0x00800060        0x0 /usr/local/Cellar/avr-gcc@9/9.4.0/lib/avr-gcc/9/gcc/avr/9.4.0/../../../../../../avr/lib/avr5/crtatmega32.o
 .data          0x00800060        0x0 ./MCAl/Gpio/gpio.o
 .data          0x00800060        0x0 ./HAL/Led/green_led.o
 .data          0x00800060        0x0 ./HAL/Led/red_led.o
 .data          0x00800060        0x0 ./HAL/LCD/lcd.o
 .data          0x00800060        0x0 ./HAL/Keybad/keypad.o
 .data          0x00800060        0x0 ./APP/app.o
 .data          0x00800060        0x0 ./main.o
 .data          0x00800060        0x0 /usr/local/Cellar/avr-gcc@9/9.4.0/lib/avr-gcc/9/gcc/avr/9.4.0/avr5/libgcc.a(_exit.o)
 .data          0x00800060        0x0 /usr/local/Cellar/avr-gcc@9/9.4.0/lib/avr-gcc/9/gcc/avr/9.4.0/avr5/libgcc.a(_copy_data.o)
 .data          0x00800060        0x0 /usr/local/Cellar/avr-gcc@9/9.4.0/lib/avr-gcc/9/gcc/avr/9.4.0/../../../../../../avr/lib/avr5/libm.a(cmpsf2.o)
 .data          0x00800060        0x0 /usr/local/Cellar/avr-gcc@9/9.4.0/lib/avr-gcc/9/gcc/avr/9.4.0/../../../../../../avr/lib/avr5/libm.a(divsf3.o)
 .data          0x00800060        0x0 /usr/local/Cellar/avr-gcc@9/9.4.0/lib/avr-gcc/9/gcc/avr/9.4.0/../../../../../../avr/lib/avr5/libm.a(divsf3x.o)
 .data          0x00800060        0x0 /usr/local/Cellar/avr-gcc@9/9.4.0/lib/avr-gcc/9/gcc/avr/9.4.0/../../../../../../avr/lib/avr5/libm.a(fixunssfsi.o)
 .data          0x00800060        0x0 /usr/local/Cellar/avr-gcc@9/9.4.0/lib/avr-gcc/9/gcc/avr/9.4.0/../../../../../../avr/lib/avr5/libm.a(fp_cmp.o)
 .data          0x00800060        0x0 /usr/local/Cellar/avr-gcc@9/9.4.0/lib/avr-gcc/9/gcc/avr/9.4.0/../../../../../../avr/lib/avr5/libm.a(fp_inf.o)
 .data          0x00800060        0x0 /usr/local/Cellar/avr-gcc@9/9.4.0/lib/avr-gcc/9/gcc/avr/9.4.0/../../../../../../avr/lib/avr5/libm.a(fp_nan.o)
 .data          0x00800060        0x0 /usr/local/Cellar/avr-gcc@9/9.4.0/lib/avr-gcc/9/gcc/avr/9.4.0/../../../../../../avr/lib/avr5/libm.a(fp_pscA.o)
 .data          0x00800060        0x0 /usr/local/Cellar/avr-gcc@9/9.4.0/lib/avr-gcc/9/gcc/avr/9.4.0/../../../../../../avr/lib/avr5/libm.a(fp_pscB.o)
 .data          0x00800060        0x0 /usr/local/Cellar/avr-gcc@9/9.4.0/lib/avr-gcc/9/gcc/avr/9.4.0/../../../../../../avr/lib/avr5/libm.a(fp_round.o)
 .data          0x00800060        0x0 /usr/local/Cellar/avr-gcc@9/9.4.0/lib/avr-gcc/9/gcc/avr/9.4.0/../../../../../../avr/lib/avr5/libm.a(fp_split3.o)
 .data          0x00800060        0x0 /usr/local/Cellar/avr-gcc@9/9.4.0/lib/avr-gcc/9/gcc/avr/9.4.0/../../../../../../avr/lib/avr5/libm.a(fp_zero.o)
 .data          0x00800060        0x0 /usr/local/Cellar/avr-gcc@9/9.4.0/lib/avr-gcc/9/gcc/avr/9.4.0/../../../../../../avr/lib/avr5/libm.a(gesf2.o)
 .data          0x00800060        0x0 /usr/local/Cellar/avr-gcc@9/9.4.0/lib/avr-gcc/9/gcc/avr/9.4.0/../../../../../../avr/lib/avr5/libm.a(mulsf3.o)
 .data          0x00800060        0x0 /usr/local/Cellar/avr-gcc@9/9.4.0/lib/avr-gcc/9/gcc/avr/9.4.0/../../../../../../avr/lib/avr5/libm.a(mulsf3x.o)
 .data          0x00800060        0x0 /usr/local/Cellar/avr-gcc@9/9.4.0/lib/avr-gcc/9/gcc/avr/9.4.0/../../../../../../avr/lib/avr5/libc.a(itoa.o)
 .data          0x00800060        0x0 /usr/local/Cellar/avr-gcc@9/9.4.0/lib/avr-gcc/9/gcc/avr/9.4.0/../../../../../../avr/lib/avr5/libc.a(itoa_ncheck.o)
 .data          0x00800060        0x0 /usr/local/Cellar/avr-gcc@9/9.4.0/lib/avr-gcc/9/gcc/avr/9.4.0/../../../../../../avr/lib/avr5/libc.a(utoa_ncheck.o)
 .data          0x00800060        0x0 /usr/local/Cellar/avr-gcc@9/9.4.0/lib/avr-gcc/9/gcc/avr/9.4.0/../../../../../../avr/lib/avr5/libc.a(strrev.o)
 *(.data*)
 .data.password
                0x00800060        0x4 ./APP/app.o
 *(.gnu.linkonce.d*)
 *(.rodata)
 .rodata        0x00800064       0xdf ./APP/app.o
 *(.rodata*)
 *(.gnu.linkonce.r*)
                0x00800144                        . = ALIGN (0x2)
 *fill*         0x00800143        0x1 
                0x00800144                        _edata = .
                0x00800144                        PROVIDE (__data_end = .)

.bss            0x00800144        0x0
                [!provide]                        PROVIDE (__bss_start = .)
 *(.bss)
 .bss           0x00800144        0x0 /usr/local/Cellar/avr-gcc@9/9.4.0/lib/avr-gcc/9/gcc/avr/9.4.0/../../../../../../avr/lib/avr5/crtatmega32.o
 .bss           0x00800144        0x0 ./MCAl/Gpio/gpio.o
 .bss           0x00800144        0x0 ./HAL/Led/green_led.o
 .bss           0x00800144        0x0 ./HAL/Led/red_led.o
 .bss           0x00800144        0x0 ./HAL/LCD/lcd.o
 .bss           0x00800144        0x0 ./HAL/Keybad/keypad.o
 .bss           0x00800144        0x0 ./APP/app.o
 .bss           0x00800144        0x0 ./main.o
 .bss           0x00800144        0x0 /usr/local/Cellar/avr-gcc@9/9.4.0/lib/avr-gcc/9/gcc/avr/9.4.0/avr5/libgcc.a(_exit.o)
 .bss           0x00800144        0x0 /usr/local/Cellar/avr-gcc@9/9.4.0/lib/avr-gcc/9/gcc/avr/9.4.0/avr5/libgcc.a(_copy_data.o)
 .bss           0x00800144        0x0 /usr/local/Cellar/avr-gcc@9/9.4.0/lib/avr-gcc/9/gcc/avr/9.4.0/../../../../../../avr/lib/avr5/libm.a(cmpsf2.o)
 .bss           0x00800144        0x0 /usr/local/Cellar/avr-gcc@9/9.4.0/lib/avr-gcc/9/gcc/avr/9.4.0/../../../../../../avr/lib/avr5/libm.a(divsf3.o)
 .bss           0x00800144        0x0 /usr/local/Cellar/avr-gcc@9/9.4.0/lib/avr-gcc/9/gcc/avr/9.4.0/../../../../../../avr/lib/avr5/libm.a(divsf3x.o)
 .bss           0x00800144        0x0 /usr/local/Cellar/avr-gcc@9/9.4.0/lib/avr-gcc/9/gcc/avr/9.4.0/../../../../../../avr/lib/avr5/libm.a(fixunssfsi.o)
 .bss           0x00800144        0x0 /usr/local/Cellar/avr-gcc@9/9.4.0/lib/avr-gcc/9/gcc/avr/9.4.0/../../../../../../avr/lib/avr5/libm.a(fp_cmp.o)
 .bss           0x00800144        0x0 /usr/local/Cellar/avr-gcc@9/9.4.0/lib/avr-gcc/9/gcc/avr/9.4.0/../../../../../../avr/lib/avr5/libm.a(fp_inf.o)
 .bss           0x00800144        0x0 /usr/local/Cellar/avr-gcc@9/9.4.0/lib/avr-gcc/9/gcc/avr/9.4.0/../../../../../../avr/lib/avr5/libm.a(fp_nan.o)
 .bss           0x00800144        0x0 /usr/local/Cellar/avr-gcc@9/9.4.0/lib/avr-gcc/9/gcc/avr/9.4.0/../../../../../../avr/lib/avr5/libm.a(fp_pscA.o)
 .bss           0x00800144        0x0 /usr/local/Cellar/avr-gcc@9/9.4.0/lib/avr-gcc/9/gcc/avr/9.4.0/../../../../../../avr/lib/avr5/libm.a(fp_pscB.o)
 .bss           0x00800144        0x0 /usr/local/Cellar/avr-gcc@9/9.4.0/lib/avr-gcc/9/gcc/avr/9.4.0/../../../../../../avr/lib/avr5/libm.a(fp_round.o)
 .bss           0x00800144        0x0 /usr/local/Cellar/avr-gcc@9/9.4.0/lib/avr-gcc/9/gcc/avr/9.4.0/../../../../../../avr/lib/avr5/libm.a(fp_split3.o)
 .bss           0x00800144        0x0 /usr/local/Cellar/avr-gcc@9/9.4.0/lib/avr-gcc/9/gcc/avr/9.4.0/../../../../../../avr/lib/avr5/libm.a(fp_zero.o)
 .bss           0x00800144        0x0 /usr/local/Cellar/avr-gcc@9/9.4.0/lib/avr-gcc/9/gcc/avr/9.4.0/../../../../../../avr/lib/avr5/libm.a(gesf2.o)
 .bss           0x00800144        0x0 /usr/local/Cellar/avr-gcc@9/9.4.0/lib/avr-gcc/9/gcc/avr/9.4.0/../../../../../../avr/lib/avr5/libm.a(mulsf3.o)
 .bss           0x00800144        0x0 /usr/local/Cellar/avr-gcc@9/9.4.0/lib/avr-gcc/9/gcc/avr/9.4.0/../../../../../../avr/lib/avr5/libm.a(mulsf3x.o)
 .bss           0x00800144        0x0 /usr/local/Cellar/avr-gcc@9/9.4.0/lib/avr-gcc/9/gcc/avr/9.4.0/../../../../../../avr/lib/avr5/libc.a(itoa.o)
 .bss           0x00800144        0x0 /usr/local/Cellar/avr-gcc@9/9.4.0/lib/avr-gcc/9/gcc/avr/9.4.0/../../../../../../avr/lib/avr5/libc.a(itoa_ncheck.o)
 .bss           0x00800144        0x0 /usr/local/Cellar/avr-gcc@9/9.4.0/lib/avr-gcc/9/gcc/avr/9.4.0/../../../../../../avr/lib/avr5/libc.a(utoa_ncheck.o)
 .bss           0x00800144        0x0 /usr/local/Cellar/avr-gcc@9/9.4.0/lib/avr-gcc/9/gcc/avr/9.4.0/../../../../../../avr/lib/avr5/libc.a(strrev.o)
 *(.bss*)
 *(COMMON)
                [!provide]                        PROVIDE (__bss_end = .)
                0x00004f12                        __data_load_start = LOADADDR (.data)
                0x00004ff6                        __data_load_end = (__data_load_start + SIZEOF (.data))

.noinit         0x00800144        0x0
                [!provide]                        PROVIDE (__noinit_start = .)
 *(.noinit .noinit.* .gnu.linkonce.n.*)
                [!provide]                        PROVIDE (__noinit_end = .)
                0x00800144                        _end = .
                [!provide]                        PROVIDE (__heap_start = .)

.eeprom         0x00810000        0x0
 *(.eeprom*)
                0x00810000                        __eeprom_end = .

.fuse
 *(.fuse)
 *(.lfuse)
 *(.hfuse)
 *(.efuse)

.lock
 *(.lock*)

.signature
 *(.signature*)

.stab           0x00000000     0x5154
 *(.stab)
 .stab          0x00000000      0xc84 ./MCAl/Gpio/gpio.o
 .stab          0x00000c84      0x3b4 ./HAL/Led/green_led.o
                                0x60c (size before relaxing)
 .stab          0x00001038      0x378 ./HAL/Led/red_led.o
                                0x60c (size before relaxing)
 .stab          0x000013b0     0x1e60 ./HAL/LCD/lcd.o
                               0x20f4 (size before relaxing)
 .stab          0x00003210      0x450 ./HAL/Keybad/keypad.o
                                0x6e4 (size before relaxing)
 .stab          0x00003660     0x180c ./APP/app.o
                               0x1a70 (size before relaxing)
 .stab          0x00004e6c      0x2e8 ./main.o
                                0x2f4 (size before relaxing)

.stabstr        0x00000000     0x14c3
 *(.stabstr)
 .stabstr       0x00000000     0x14c3 ./MCAl/Gpio/gpio.o

.stab.excl
 *(.stab.excl)

.stab.exclstr
 *(.stab.exclstr)

.stab.index
 *(.stab.index)

.stab.indexstr
 *(.stab.indexstr)

.comment        0x00000000       0x24
 *(.comment)
 .comment       0x00000000       0x24 ./MCAl/Gpio/gpio.o
                                 0x25 (size before relaxing)
 .comment       0x00000024       0x25 ./HAL/Led/green_led.o
 .comment       0x00000024       0x25 ./HAL/Led/red_led.o
 .comment       0x00000024       0x25 ./HAL/LCD/lcd.o
 .comment       0x00000024       0x25 ./HAL/Keybad/keypad.o
 .comment       0x00000024       0x25 ./APP/app.o
 .comment       0x00000024       0x25 ./main.o

.note.gnu.avr.deviceinfo
                0x00000000       0x3c
 .note.gnu.avr.deviceinfo
                0x00000000       0x3c /usr/local/Cellar/avr-gcc@9/9.4.0/lib/avr-gcc/9/gcc/avr/9.4.0/../../../../../../avr/lib/avr5/crtatmega32.o

.note.gnu.build-id
 *(.note.gnu.build-id)

.debug
 *(.debug)

.line
 *(.line)

.debug_srcinfo
 *(.debug_srcinfo)

.debug_sfnames
 *(.debug_sfnames)

.debug_aranges  0x00000000       0x40
 *(.debug_aranges)
 .debug_aranges
                0x00000000       0x20 /usr/local/Cellar/avr-gcc@9/9.4.0/lib/avr-gcc/9/gcc/avr/9.4.0/avr5/libgcc.a(_exit.o)
 .debug_aranges
                0x00000020       0x20 /usr/local/Cellar/avr-gcc@9/9.4.0/lib/avr-gcc/9/gcc/avr/9.4.0/avr5/libgcc.a(_copy_data.o)

.debug_pubnames
 *(.debug_pubnames)

.debug_info     0x00000000      0x532
 *(.debug_info .gnu.linkonce.wi.*)
 .debug_info    0x00000000      0x4e6 /usr/local/Cellar/avr-gcc@9/9.4.0/lib/avr-gcc/9/gcc/avr/9.4.0/../../../../../../avr/lib/avr5/crtatmega32.o
 .debug_info    0x000004e6       0x26 /usr/local/Cellar/avr-gcc@9/9.4.0/lib/avr-gcc/9/gcc/avr/9.4.0/avr5/libgcc.a(_exit.o)
 .debug_info    0x0000050c       0x26 /usr/local/Cellar/avr-gcc@9/9.4.0/lib/avr-gcc/9/gcc/avr/9.4.0/avr5/libgcc.a(_copy_data.o)

.debug_abbrev   0x00000000      0x4cb
 *(.debug_abbrev)
 .debug_abbrev  0x00000000      0x4a3 /usr/local/Cellar/avr-gcc@9/9.4.0/lib/avr-gcc/9/gcc/avr/9.4.0/../../../../../../avr/lib/avr5/crtatmega32.o
 .debug_abbrev  0x000004a3       0x14 /usr/local/Cellar/avr-gcc@9/9.4.0/lib/avr-gcc/9/gcc/avr/9.4.0/avr5/libgcc.a(_exit.o)
 .debug_abbrev  0x000004b7       0x14 /usr/local/Cellar/avr-gcc@9/9.4.0/lib/avr-gcc/9/gcc/avr/9.4.0/avr5/libgcc.a(_copy_data.o)

.debug_line     0x00000000      0x115
 *(.debug_line .debug_line.* .debug_line_end)
 .debug_line    0x00000000       0x1d /usr/local/Cellar/avr-gcc@9/9.4.0/lib/avr-gcc/9/gcc/avr/9.4.0/../../../../../../avr/lib/avr5/crtatmega32.o
 .debug_line    0x0000001d       0x61 /usr/local/Cellar/avr-gcc@9/9.4.0/lib/avr-gcc/9/gcc/avr/9.4.0/avr5/libgcc.a(_exit.o)
 .debug_line    0x0000007e       0x97 /usr/local/Cellar/avr-gcc@9/9.4.0/lib/avr-gcc/9/gcc/avr/9.4.0/avr5/libgcc.a(_copy_data.o)

.debug_frame
 *(.debug_frame)

.debug_str      0x00000000      0x219
 *(.debug_str)
 .debug_str     0x00000000      0x196 /usr/local/Cellar/avr-gcc@9/9.4.0/lib/avr-gcc/9/gcc/avr/9.4.0/../../../../../../avr/lib/avr5/crtatmega32.o
 .debug_str     0x00000196       0x83 /usr/local/Cellar/avr-gcc@9/9.4.0/lib/avr-gcc/9/gcc/avr/9.4.0/avr5/libgcc.a(_exit.o)
 .debug_str     0x00000219       0x83 /usr/local/Cellar/avr-gcc@9/9.4.0/lib/avr-gcc/9/gcc/avr/9.4.0/avr5/libgcc.a(_copy_data.o)

.debug_loc
 *(.debug_loc)

.debug_macinfo
 *(.debug_macinfo)

.debug_weaknames
 *(.debug_weaknames)

.debug_funcnames
 *(.debug_funcnames)

.debug_typenames
 *(.debug_typenames)

.debug_varnames
 *(.debug_varnames)

.debug_pubtypes
 *(.debug_pubtypes)

.debug_ranges
 *(.debug_ranges)

.debug_addr
 *(.debug_addr)

.debug_line_str
 *(.debug_line_str)

.debug_loclists
 *(.debug_loclists)

.debug_macro
 *(.debug_macro)

.debug_names
 *(.debug_names)

.debug_rnglists
 *(.debug_rnglists)

.debug_str_offsets
 *(.debug_str_offsets)

.debug_sup
 *(.debug_sup)
OUTPUT(safe.elf elf32-avr)
LOAD linker stubs
